// Jest Snapshot v1, https://goo.gl/fbAQLP

exports[`<Main /> should render the heading 1`] = `
.c0 {
  background-color: #0d0d3a;
  color: #fff;
  width: 100%;
  height: 100%;
  padding: 3rem;
  display: -webkit-box;
  display: -webkit-flex;
  display: -ms-flexbox;
  display: flex;
  -webkit-flex-direction: column;
  -ms-flex-direction: column;
  flex-direction: column;
  text-align: center;
  -webkit-align-items: center;
  -webkit-box-align: center;
  -ms-flex-align: center;
  align-items: center;
  -webkit-box-pack: center;
  -webkit-justify-content: center;
  -ms-flex-pack: center;
  justify-content: center;
}

.c1 {
  width: 25rem;
  margin-bottom: 2rem;
}

.c2 {
  font-size: 2rem;
  color: #d4a21f;
}

.c3 {
  font-size: 1rem;
  margin-top: 2rem;
  font-weight: bold;
  color: #586577;
}

.c4 {
  font-size: 1rem;
  margin-top: 2rem;
  font-weight: bold;
  color: #586577;
  -webkit-text-decoration: none;
  text-decoration: none;
}

<main
  class="c0"
>
  <img
    alt="Um desenvolvedor fazendo sinal de cumprimento"
    class="c1"
    src="/img/hero-illustration.png"
  />
  <h1
    class="c2"
  >
    Boilerplate utilizando TypeScript, ReactJS, NextJS e Styled Components
  </h1>
  <h2
    class="c3"
  >
    <a
      class="c4"
      href="https://github.com/gabrielqueirozdev"
      target="_blank"
    >
      https://github.com/gabrielqueirozdev
    </a>
  </h2>
</main>
`
